00:00 +0: loading D:/projects/sm_plugins/smart_utils_package/test/src/input/input_formatters_test.dart
00:00 +0 -1: loading D:/projects/sm_plugins/smart_utils_package/test/src/input/input_validators_test.dart [E]
  Failed to load "D:/projects/sm_plugins/smart_utils_package/test/src/input/input_validators_test.dart":
  Compilation failed for testPath=D:/projects/sm_plugins/smart_utils_package/test/src/input/input_validators_test.dart: test/src/input/input_validators_test.dart:10:54: Error: Too few positional arguments: 1 required, 0 given.
        final validator = SmartInputValidators.required();
                                                       ^
  lib/src/input/input_validators.dart:167:36: Context: Found this candidate, but the arguments don't match.
    static String? Function(String?) required(
                                     ^^^^^^^^
  test/src/input/input_validators_test.dart:37:46: Error: Member not found: 'SmartInputValidators.minLength'.
        final validator = SmartInputValidators.minLength(5);
                                               ^^^^^^^^^
  test/src/input/input_validators_test.dart:43:46: Error: Member not found: 'SmartInputValidators.maxLength'.
        final validator = SmartInputValidators.maxLength(5);
                                               ^^^^^^^^^
  test/src/input/input_validators_test.dart:66:46: Error: Member not found: 'SmartInputValidators.match'.
        final validator = SmartInputValidators.match(
                                               ^^^^^
  test/src/input/input_validators_test.dart:80:38: Error: Too few positional arguments: 1 required, 0 given.
          SmartInputValidators.required(),
                                       ^
  lib/src/input/input_validators.dart:167:36: Context: Found this candidate, but the arguments don't match.
    static String? Function(String?) required(
                                     ^^^^^^^^
  test/src/input/input_validators_test.dart:81:30: Error: Member not found: 'SmartInputValidators.minLength'.
          SmartInputValidators.minLength(5),
                               ^^^^^^^^^
  test/src/input/input_validators_test.dart:79:46: Error: Member not found: 'SmartInputValidators.combine'.
        final validator = SmartInputValidators.combine([
                                               ^^^^^^^
  test/src/input/input_validators_test.dart:93:52: Error: Too many positional arguments: 0 allowed, but 1 found.
  Try removing the extra positional arguments.
        final validator = SmartInputValidators.custom(
                                                     ^
  lib/src/input/input_validators.dart:376:36: Context: Found this candidate, but the arguments don't match.
    static String? Function(String?) custom({
                                     ^^^^^^
  .
00:00 +0 -2: loading D:/projects/sm_plugins/smart_utils_package/test/src/input/input_formatters_test.dart [E]
  Error: The Dart compiler exited unexpectedly.
  package:flutter_tools/src/base/common.dart 34:3  throwToolExit
  package:flutter_tools/src/compile.dart 911:11    DefaultResidentCompiler._compile.<fn>
  dart:async/zone.dart 1538:47                     _rootRunUnary
  dart:async/zone.dart 1429:19                     _CustomZone.runUnary
  dart:async/future_impl.dart 948:45               Future._propagateToListeners.handleValueCallback
  dart:async/future_impl.dart 977:13               Future._propagateToListeners
  dart:async/future_impl.dart 862:9                Future._propagateToListeners
  dart:async/future_impl.dart 720:5                Future._completeWithValue
  dart:async/future_impl.dart 804:7                Future._asyncCompleteWithValue.<fn>
  dart:async/zone.dart 1525:13                     _rootRun
  dart:async/zone.dart 1422:19                     _CustomZone.run
  dart:async/zone.dart 1321:7                      _CustomZone.runGuarded
  dart:async/zone.dart 1362:23                     _CustomZone.bindCallbackGuarded.<fn>
  dart:async/schedule_microtask.dart 40:35         _microtaskLoop
  dart:async/schedule_microtask.dart 49:5          _startMicrotaskLoop
  dart:isolate-patch/isolate_patch.dart 127:13     _runPendingImmediateCallback
  dart:isolate-patch/isolate_patch.dart 194:5      _RawReceivePort._handleMessage
  
00:00 +0 -2: D:/projects/sm_plugins/smart_utils_package/test/src/input/input_formatters_test.dart: SmartInputFormatters mobile should allow valid input starting with 5
00:00 +1 -2: D:/projects/sm_plugins/smart_utils_package/test/src/input/input_formatters_test.dart: SmartInputFormatters mobile should reject input not starting with 5
00:00 +2 -2: D:/projects/sm_plugins/smart_utils_package/test/src/input/input_formatters_test.dart: SmartInputFormatters mobile should restrict length
00:00 +3 -2: D:/projects/sm_plugins/smart_utils_package/test/src/input/input_formatters_test.dart: SmartInputFormatters mobile should allow digits only
00:00 +4 -2: D:/projects/sm_plugins/smart_utils_package/test/src/input/input_formatters_test.dart: SmartInputFormatters email should prevent spaces
00:00 +5 -2: D:/projects/sm_plugins/smart_utils_package/test/src/input/input_formatters_test.dart: SmartInputFormatters email should allow valid characters
00:00 +6 -2: D:/projects/sm_plugins/smart_utils_package/test/src/input/input_formatters_test.dart: SmartInputFormatters name should prevent double spaces
00:00 +7 -2: D:/projects/sm_plugins/smart_utils_package/test/src/input/input_formatters_test.dart: SmartInputFormatters vitalSign should respect max value
00:00 +8 -2: D:/projects/sm_plugins/smart_utils_package/test/src/input/input_formatters_test.dart: SmartInputFormatters vitalSign should handle decimals
00:00 +9 -2: D:/projects/sm_plugins/smart_utils_package/test/src/input/input_formatters_test.dart: SmartInputFormatters creditCard should format with spaces
00:00 +10 -2: D:/projects/sm_plugins/smart_utils_package/test/src/input/input_formatters_test.dart: SmartInputFormatters securePassword should allow typing if length < min
00:00 +11 -2: D:/projects/sm_plugins/smart_utils_package/test/src/input/input_formatters_test.dart: SmartInputFormatters securePassword should validation logic (coverage)
00:00 +12 -2: D:/projects/sm_plugins/smart_utils_package/test/src/input/input_formatters_test.dart: SmartInputFormatters passport should uppercase input
00:00 +13 -2: Some tests failed.
